[2026-06-12T13:00:09.509+08:00] Getting interface description
[2026-06-12T13:00:09.509+08:00] Interface description end
[2026-06-12T13:00:09.509+08:00] Uploading test info to server
[2026-06-12T13:00:09.509+08:00] UploadTestInfoToServer end
[2026-06-12T13:00:09.509+08:00] will get size
[2026-06-12T13:00:09.513+08:00] size: 1280x720
[2026-06-12T13:00:09.587+08:00] will get screenshot dimensions
[2026-06-12T13:00:09.625+08:00] screenshot dimensions 1280 x 720
[2026-06-12T13:00:09.625+08:00] calculated dpr: 1
[2026-06-12T13:00:09.625+08:00] shrunkShotToLogicalRatio 1
[2026-06-12T13:00:16.067+08:00] Getting interface description
[2026-06-12T13:00:16.067+08:00] Interface description end
[2026-06-12T13:00:16.067+08:00] Uploading test info to server
[2026-06-12T13:00:16.067+08:00] UploadTestInfoToServer end
[2026-06-12T13:00:16.067+08:00] will get size
[2026-06-12T13:00:16.067+08:00] size: 1280x720
[2026-06-12T13:00:16.140+08:00] will get screenshot dimensions
[2026-06-12T13:00:16.161+08:00] screenshot dimensions 1280 x 720
[2026-06-12T13:00:16.161+08:00] calculated dpr: 1
[2026-06-12T13:00:16.161+08:00] shrunkShotToLogicalRatio 1
[2026-06-12T13:00:16.166+08:00] Getting interface description
[2026-06-12T13:00:16.166+08:00] Interface description end
[2026-06-12T13:00:16.166+08:00] Uploading test info to server
[2026-06-12T13:00:16.166+08:00] UploadTestInfoToServer end
[2026-06-12T13:00:16.166+08:00] will get size
[2026-06-12T13:00:16.166+08:00] size: 1280x720
[2026-06-12T13:00:16.280+08:00] will get screenshot dimensions
[2026-06-12T13:00:16.300+08:00] screenshot dimensions 1280 x 720
[2026-06-12T13:00:16.300+08:00] calculated dpr: 1
[2026-06-12T13:00:16.300+08:00] shrunkShotToLogicalRatio 1
[2026-06-12T13:00:20.859+08:00] Getting interface description
[2026-06-12T13:00:20.859+08:00] Interface description end
[2026-06-12T13:00:20.859+08:00] Uploading test info to server
[2026-06-12T13:00:20.859+08:00] UploadTestInfoToServer end
[2026-06-12T13:00:20.859+08:00] will get size
[2026-06-12T13:00:20.859+08:00] size: 1280x720
[2026-06-12T13:00:20.989+08:00] will get screenshot dimensions
[2026-06-12T13:00:21.012+08:00] screenshot dimensions 1280 x 720
[2026-06-12T13:00:21.013+08:00] calculated dpr: 1
[2026-06-12T13:00:21.013+08:00] shrunkShotToLogicalRatio 1
[2026-06-12T13:01:25.573+08:00] Getting interface description
[2026-06-12T13:01:25.573+08:00] Interface description end
[2026-06-12T13:01:25.573+08:00] Uploading test info to server
[2026-06-12T13:01:25.573+08:00] UploadTestInfoToServer end
[2026-06-12T13:01:25.573+08:00] will get size
[2026-06-12T13:01:25.578+08:00] size: 1280x720
[2026-06-12T13:01:25.706+08:00] will get screenshot dimensions
[2026-06-12T13:01:25.745+08:00] screenshot dimensions 1280 x 720
[2026-06-12T13:01:25.746+08:00] calculated dpr: 1
[2026-06-12T13:01:25.746+08:00] shrunkShotToLogicalRatio 1
[2026-06-12T13:01:32.608+08:00] Getting interface description
[2026-06-12T13:01:32.608+08:00] Interface description end
[2026-06-12T13:01:32.608+08:00] Uploading test info to server
[2026-06-12T13:01:32.608+08:00] UploadTestInfoToServer end
[2026-06-12T13:01:32.608+08:00] will get size
[2026-06-12T13:01:32.608+08:00] size: 1280x720
[2026-06-12T13:01:32.741+08:00] will get screenshot dimensions
[2026-06-12T13:01:32.767+08:00] screenshot dimensions 1280 x 720
[2026-06-12T13:01:32.767+08:00] calculated dpr: 1
[2026-06-12T13:01:32.767+08:00] shrunkShotToLogicalRatio 1
[2026-06-12T13:01:32.771+08:00] Getting interface description
[2026-06-12T13:01:32.771+08:00] Interface description end
[2026-06-12T13:01:32.771+08:00] Uploading test info to server
[2026-06-12T13:01:32.771+08:00] UploadTestInfoToServer end
[2026-06-12T13:01:32.771+08:00] will get size
[2026-06-12T13:01:32.771+08:00] size: 1280x720
[2026-06-12T13:01:32.880+08:00] will get screenshot dimensions
[2026-06-12T13:01:32.901+08:00] screenshot dimensions 1280 x 720
[2026-06-12T13:01:32.901+08:00] calculated dpr: 1
[2026-06-12T13:01:32.901+08:00] shrunkShotToLogicalRatio 1
[2026-06-12T13:01:42.232+08:00] Getting interface description
[2026-06-12T13:01:42.232+08:00] Interface description end
[2026-06-12T13:01:42.232+08:00] Uploading test info to server
[2026-06-12T13:01:42.232+08:00] UploadTestInfoToServer end
[2026-06-12T13:01:42.232+08:00] will get size
[2026-06-12T13:01:42.232+08:00] size: 1280x720
[2026-06-12T13:01:42.355+08:00] will get screenshot dimensions
[2026-06-12T13:01:42.379+08:00] screenshot dimensions 1280 x 720
[2026-06-12T13:01:42.379+08:00] calculated dpr: 1
[2026-06-12T13:01:42.379+08:00] shrunkShotToLogicalRatio 1
[2026-06-12T13:45:53.373+08:00] Getting interface description
[2026-06-12T13:45:53.373+08:00] Interface description end
[2026-06-12T13:45:53.373+08:00] Uploading test info to server
[2026-06-12T13:45:53.373+08:00] UploadTestInfoToServer end
[2026-06-12T13:45:53.373+08:00] will get size
[2026-06-12T13:45:53.376+08:00] size: 1280x720
[2026-06-12T13:45:53.501+08:00] will get screenshot dimensions
[2026-06-12T13:45:53.537+08:00] screenshot dimensions 1280 x 720
[2026-06-12T13:45:53.537+08:00] calculated dpr: 1
[2026-06-12T13:45:53.537+08:00] shrunkShotToLogicalRatio 1
[2026-06-12T13:45:59.466+08:00] Getting interface description
[2026-06-12T13:45:59.466+08:00] Interface description end
[2026-06-12T13:45:59.466+08:00] Uploading test info to server
[2026-06-12T13:45:59.466+08:00] UploadTestInfoToServer end
[2026-06-12T13:45:59.466+08:00] will get size
[2026-06-12T13:45:59.466+08:00] size: 1280x720
[2026-06-12T13:45:59.615+08:00] will get screenshot dimensions
[2026-06-12T13:45:59.638+08:00] screenshot dimensions 1280 x 720
[2026-06-12T13:45:59.638+08:00] calculated dpr: 1
[2026-06-12T13:45:59.638+08:00] shrunkShotToLogicalRatio 1
[2026-06-12T13:45:59.645+08:00] Getting interface description
[2026-06-12T13:45:59.645+08:00] Interface description end
[2026-06-12T13:45:59.645+08:00] Uploading test info to server
[2026-06-12T13:45:59.645+08:00] UploadTestInfoToServer end
[2026-06-12T13:45:59.645+08:00] will get size
[2026-06-12T13:45:59.646+08:00] size: 1280x720
[2026-06-12T13:45:59.765+08:00] will get screenshot dimensions
[2026-06-12T13:45:59.788+08:00] screenshot dimensions 1280 x 720
[2026-06-12T13:45:59.788+08:00] calculated dpr: 1
[2026-06-12T13:45:59.788+08:00] shrunkShotToLogicalRatio 1
[2026-06-12T13:46:03.129+08:00] Getting interface description
[2026-06-12T13:46:03.129+08:00] Interface description end
[2026-06-12T13:46:03.129+08:00] Uploading test info to server
[2026-06-12T13:46:03.129+08:00] UploadTestInfoToServer end
[2026-06-12T13:46:03.129+08:00] will get size
[2026-06-12T13:46:03.129+08:00] size: 1280x720
[2026-06-12T13:46:03.272+08:00] will get screenshot dimensions
[2026-06-12T13:46:03.295+08:00] screenshot dimensions 1280 x 720
[2026-06-12T13:46:03.295+08:00] calculated dpr: 1
[2026-06-12T13:46:03.295+08:00] shrunkShotToLogicalRatio 1
[2026-06-12T13:53:54.410+08:00] Getting interface description
[2026-06-12T13:53:54.410+08:00] Interface description end
[2026-06-12T13:53:54.410+08:00] Uploading test info to server
[2026-06-12T13:53:54.410+08:00] UploadTestInfoToServer end
[2026-06-12T13:53:54.410+08:00] will get size
[2026-06-12T13:53:54.443+08:00] size: 1280x720
[2026-06-12T13:53:54.629+08:00] will get screenshot dimensions
[2026-06-12T13:53:54.676+08:00] screenshot dimensions 1280 x 720
[2026-06-12T13:53:54.676+08:00] calculated dpr: 1
[2026-06-12T13:53:54.676+08:00] shrunkShotToLogicalRatio 1
[2026-06-12T13:54:00.286+08:00] Getting interface description
[2026-06-12T13:54:00.286+08:00] Interface description end
[2026-06-12T13:54:00.286+08:00] Uploading test info to server
[2026-06-12T13:54:00.286+08:00] UploadTestInfoToServer end
[2026-06-12T13:54:00.286+08:00] will get size
[2026-06-12T13:54:00.286+08:00] size: 1280x720
[2026-06-12T13:54:00.340+08:00] will get screenshot dimensions
[2026-06-12T13:54:00.359+08:00] screenshot dimensions 1280 x 720
[2026-06-12T13:54:00.359+08:00] calculated dpr: 1
[2026-06-12T13:54:00.359+08:00] shrunkShotToLogicalRatio 1
[2026-06-12T13:54:00.365+08:00] Getting interface description
[2026-06-12T13:54:00.365+08:00] Interface description end
[2026-06-12T13:54:00.365+08:00] Uploading test info to server
[2026-06-12T13:54:00.365+08:00] UploadTestInfoToServer end
[2026-06-12T13:54:00.365+08:00] will get size
[2026-06-12T13:54:00.365+08:00] size: 1280x720
[2026-06-12T13:54:00.433+08:00] will get screenshot dimensions
[2026-06-12T13:54:00.453+08:00] screenshot dimensions 1280 x 720
[2026-06-12T13:54:00.453+08:00] calculated dpr: 1
[2026-06-12T13:54:00.453+08:00] shrunkShotToLogicalRatio 1
[2026-06-12T13:54:06.099+08:00] Getting interface description
[2026-06-12T13:54:06.099+08:00] Interface description end
[2026-06-12T13:54:06.099+08:00] Uploading test info to server
[2026-06-12T13:54:06.099+08:00] UploadTestInfoToServer end
[2026-06-12T13:54:06.099+08:00] will get size
[2026-06-12T13:54:06.099+08:00] size: 1280x720
[2026-06-12T13:54:06.155+08:00] will get screenshot dimensions
[2026-06-12T13:54:06.174+08:00] screenshot dimensions 1280 x 720
[2026-06-12T13:54:06.174+08:00] calculated dpr: 1
[2026-06-12T13:54:06.174+08:00] shrunkShotToLogicalRatio 1
[2026-06-12T13:58:06.476+08:00] Getting interface description
[2026-06-12T13:58:06.476+08:00] Interface description end
[2026-06-12T13:58:06.476+08:00] Uploading test info to server
[2026-06-12T13:58:06.476+08:00] UploadTestInfoToServer end
[2026-06-12T13:58:06.476+08:00] will get size
[2026-06-12T13:58:06.480+08:00] size: 1280x720
[2026-06-12T13:58:06.661+08:00] will get screenshot dimensions
[2026-06-12T13:58:06.703+08:00] screenshot dimensions 1280 x 720
[2026-06-12T13:58:06.703+08:00] calculated dpr: 1
[2026-06-12T13:58:06.703+08:00] shrunkShotToLogicalRatio 1
[2026-06-12T13:58:11.335+08:00] Getting interface description
[2026-06-12T13:58:11.335+08:00] Interface description end
[2026-06-12T13:58:11.335+08:00] Uploading test info to server
[2026-06-12T13:58:11.335+08:00] UploadTestInfoToServer end
[2026-06-12T13:58:11.335+08:00] will get size
[2026-06-12T13:58:11.335+08:00] size: 1280x720
[2026-06-12T13:58:11.398+08:00] will get screenshot dimensions
[2026-06-12T13:58:11.416+08:00] screenshot dimensions 1280 x 720
[2026-06-12T13:58:11.416+08:00] calculated dpr: 1
[2026-06-12T13:58:11.416+08:00] shrunkShotToLogicalRatio 1
[2026-06-12T13:58:11.422+08:00] Getting interface description
[2026-06-12T13:58:11.422+08:00] Interface description end
[2026-06-12T13:58:11.422+08:00] Uploading test info to server
[2026-06-12T13:58:11.422+08:00] UploadTestInfoToServer end
[2026-06-12T13:58:11.422+08:00] will get size
[2026-06-12T13:58:11.422+08:00] size: 1280x720
[2026-06-12T13:58:11.487+08:00] will get screenshot dimensions
[2026-06-12T13:58:11.508+08:00] screenshot dimensions 1280 x 720
[2026-06-12T13:58:11.508+08:00] calculated dpr: 1
[2026-06-12T13:58:11.508+08:00] shrunkShotToLogicalRatio 1
[2026-06-12T13:58:16.300+08:00] Getting interface description
[2026-06-12T13:58:16.300+08:00] Interface description end
[2026-06-12T13:58:16.300+08:00] Uploading test info to server
[2026-06-12T13:58:16.300+08:00] UploadTestInfoToServer end
[2026-06-12T13:58:16.300+08:00] will get size
[2026-06-12T13:58:16.300+08:00] size: 1280x720
[2026-06-12T13:58:16.370+08:00] will get screenshot dimensions
[2026-06-12T13:58:16.389+08:00] screenshot dimensions 1280 x 720
[2026-06-12T13:58:16.389+08:00] calculated dpr: 1
[2026-06-12T13:58:16.389+08:00] shrunkShotToLogicalRatio 1
